============================= test session starts =============================
platform win32 -- Python 3.12.10, pytest-9.0.2, pluggy-1.6.0 -- C:\Program Files\Python312\python.exe
cachedir: .pytest_cache
metadata: {'Python': '3.12.10', 'Platform': 'Windows-11-10.0.26100-SP0', 'Packages': {'pytest': '9.0.2', 'pluggy': '1.6.0'}, 'Plugins': {'anyio': '4.12.1', 'cov': '7.0.0', 'html': '4.2.0', 'metadata': '3.1.1'}}
rootdir: C:\Users\A\.openclaw\workspace
plugins: anyio-4.12.1, cov-7.0.0, html-4.2.0, metadata-3.1.1
collecting ... collected 20 items

test_unified_router.py::TestCoreDecisionLogic::test_high_error_rate_routes_to_debugger FAILED [  5%]
test_unified_router.py::TestCoreDecisionLogic::test_performance_drop_routes_to_optimizer FAILED [ 10%]
test_unified_router.py::TestCoreDecisionLogic::test_critical_risk_routes_to_reviewer FAILED [ 15%]
test_unified_router.py::TestCoreDecisionLogic::test_resource_constraint_degrades_model FAILED [ 20%]
test_unified_router.py::TestStickyAgent::test_sticky_agent_within_10_minutes FAILED [ 25%]
test_unified_router.py::TestHysteresis::test_error_rate_hysteresis_enter FAILED [ 30%]
test_unified_router.py::TestHysteresis::test_error_rate_hysteresis_stay FAILED [ 35%]
test_unified_router.py::TestModelSelection::test_low_complexity_uses_sonnet FAILED [ 40%]
test_unified_router.py::TestModelSelection::test_high_complexity_uses_opus FAILED [ 45%]
test_unified_router.py::TestModelSelection::test_cost_constraint_forces_sonnet FAILED [ 50%]
test_unified_router.py::TestDecisionLog::test_decision_log_created FAILED [ 55%]
test_unified_router.py::TestIntegration::test_full_routing_flow FAILED   [ 60%]
test_unified_router.py::TestConcurrentRouting::test_concurrent_routing_10_tasks FAILED [ 65%]
test_unified_router.py::TestRegression::test_edge_case_zero_complexity FAILED [ 70%]
test_unified_router.py::TestRegression::test_edge_case_max_complexity FAILED [ 75%]
test_unified_router.py::TestRegression::test_edge_case_extreme_error_rate FAILED [ 80%]
test_unified_router.py::TestRegression::test_failure_count_escalation FAILED [ 85%]
test_unified_router.py::TestPerformance::test_routing_latency_single FAILED [ 90%]
test_unified_router.py::TestPerformance::test_routing_latency_average_100 FAILED [ 95%]
test_unified_router.py::TestPerformance::test_throughput_100_per_second FAILED [100%]

================================== FAILURES ===================================
________ TestCoreDecisionLogic.test_high_error_rate_routes_to_debugger ________
test_unified_router.py:48: in test_high_error_rate_routes_to_debugger
    router = UnifiedRouter(mode="simple", data_dir=temp_data_dir)
             ^^^^^^^^^^^^^^^^^^^^^^^^^^^^^^^^^^^^^^^^^^^^^^^^^^^^
E   TypeError: UnifiedRouter.__init__() got an unexpected keyword argument 'mode'
_______ TestCoreDecisionLogic.test_performance_drop_routes_to_optimizer _______
test_unified_router.py:67: in test_performance_drop_routes_to_optimizer
    router = UnifiedRouter(mode="simple", data_dir=temp_data_dir)
             ^^^^^^^^^^^^^^^^^^^^^^^^^^^^^^^^^^^^^^^^^^^^^^^^^^^^
E   TypeError: UnifiedRouter.__init__() got an unexpected keyword argument 'mode'
_________ TestCoreDecisionLogic.test_critical_risk_routes_to_reviewer _________
test_unified_router.py:86: in test_critical_risk_routes_to_reviewer
    router = UnifiedRouter(mode="simple", data_dir=temp_data_dir)
             ^^^^^^^^^^^^^^^^^^^^^^^^^^^^^^^^^^^^^^^^^^^^^^^^^^^^
E   TypeError: UnifiedRouter.__init__() got an unexpected keyword argument 'mode'
________ TestCoreDecisionLogic.test_resource_constraint_degrades_model ________
test_unified_router.py:105: in test_resource_constraint_degrades_model
    router = UnifiedRouter(mode="simple", data_dir=temp_data_dir)
             ^^^^^^^^^^^^^^^^^^^^^^^^^^^^^^^^^^^^^^^^^^^^^^^^^^^^
E   TypeError: UnifiedRouter.__init__() got an unexpected keyword argument 'mode'
_____________ TestStickyAgent.test_sticky_agent_within_10_minutes _____________
test_unified_router.py:132: in test_sticky_agent_within_10_minutes
    router = UnifiedRouter(mode="full", data_dir=temp_data_dir)
             ^^^^^^^^^^^^^^^^^^^^^^^^^^^^^^^^^^^^^^^^^^^^^^^^^^
E   TypeError: UnifiedRouter.__init__() got an unexpected keyword argument 'mode'
_______________ TestHysteresis.test_error_rate_hysteresis_enter _______________
test_unified_router.py:174: in test_error_rate_hysteresis_enter
    router = UnifiedRouter(mode="full", data_dir=temp_data_dir)
             ^^^^^^^^^^^^^^^^^^^^^^^^^^^^^^^^^^^^^^^^^^^^^^^^^^
E   TypeError: UnifiedRouter.__init__() got an unexpected keyword argument 'mode'
_______________ TestHysteresis.test_error_rate_hysteresis_stay ________________
test_unified_router.py:192: in test_error_rate_hysteresis_stay
    router = UnifiedRouter(mode="full", data_dir=temp_data_dir)
             ^^^^^^^^^^^^^^^^^^^^^^^^^^^^^^^^^^^^^^^^^^^^^^^^^^
E   TypeError: UnifiedRouter.__init__() got an unexpected keyword argument 'mode'
_____________ TestModelSelection.test_low_complexity_uses_sonnet ______________
test_unified_router.py:234: in test_low_complexity_uses_sonnet
    router = UnifiedRouter(mode="simple", data_dir=temp_data_dir)
             ^^^^^^^^^^^^^^^^^^^^^^^^^^^^^^^^^^^^^^^^^^^^^^^^^^^^
E   TypeError: UnifiedRouter.__init__() got an unexpected keyword argument 'mode'
______________ TestModelSelection.test_high_complexity_uses_opus ______________
test_unified_router.py:252: in test_high_complexity_uses_opus
    router = UnifiedRouter(mode="simple", data_dir=temp_data_dir)
             ^^^^^^^^^^^^^^^^^^^^^^^^^^^^^^^^^^^^^^^^^^^^^^^^^^^^
E   TypeError: UnifiedRouter.__init__() got an unexpected keyword argument 'mode'
____________ TestModelSelection.test_cost_constraint_forces_sonnet ____________
test_unified_router.py:270: in test_cost_constraint_forces_sonnet
    router = UnifiedRouter(mode="simple", data_dir=temp_data_dir)
             ^^^^^^^^^^^^^^^^^^^^^^^^^^^^^^^^^^^^^^^^^^^^^^^^^^^^
E   TypeError: UnifiedRouter.__init__() got an unexpected keyword argument 'mode'
__________________ TestDecisionLog.test_decision_log_created __________________
test_unified_router.py:297: in test_decision_log_created
    router = UnifiedRouter(mode="full", data_dir=temp_data_dir)
             ^^^^^^^^^^^^^^^^^^^^^^^^^^^^^^^^^^^^^^^^^^^^^^^^^^
E   TypeError: UnifiedRouter.__init__() got an unexpected keyword argument 'mode'
___________________ TestIntegration.test_full_routing_flow ____________________
test_unified_router.py:333: in test_full_routing_flow
    router = UnifiedRouter(mode="simple", data_dir=temp_data_dir)
             ^^^^^^^^^^^^^^^^^^^^^^^^^^^^^^^^^^^^^^^^^^^^^^^^^^^^
E   TypeError: UnifiedRouter.__init__() got an unexpected keyword argument 'mode'
___________ TestConcurrentRouting.test_concurrent_routing_10_tasks ____________
test_unified_router.py:364: in test_concurrent_routing_10_tasks
    router = UnifiedRouter(mode="simple", data_dir=temp_data_dir)
             ^^^^^^^^^^^^^^^^^^^^^^^^^^^^^^^^^^^^^^^^^^^^^^^^^^^^
E   TypeError: UnifiedRouter.__init__() got an unexpected keyword argument 'mode'
________________ TestRegression.test_edge_case_zero_complexity ________________
test_unified_router.py:398: in test_edge_case_zero_complexity
    router = UnifiedRouter(mode="simple", data_dir=temp_data_dir)
             ^^^^^^^^^^^^^^^^^^^^^^^^^^^^^^^^^^^^^^^^^^^^^^^^^^^^
E   TypeError: UnifiedRouter.__init__() got an unexpected keyword argument 'mode'
________________ TestRegression.test_edge_case_max_complexity _________________
test_unified_router.py:416: in test_edge_case_max_complexity
    router = UnifiedRouter(mode="simple", data_dir=temp_data_dir)
             ^^^^^^^^^^^^^^^^^^^^^^^^^^^^^^^^^^^^^^^^^^^^^^^^^^^^
E   TypeError: UnifiedRouter.__init__() got an unexpected keyword argument 'mode'
______________ TestRegression.test_edge_case_extreme_error_rate _______________
test_unified_router.py:434: in test_edge_case_extreme_error_rate
    router = UnifiedRouter(mode="simple", data_dir=temp_data_dir)
             ^^^^^^^^^^^^^^^^^^^^^^^^^^^^^^^^^^^^^^^^^^^^^^^^^^^^
E   TypeError: UnifiedRouter.__init__() got an unexpected keyword argument 'mode'
________________ TestRegression.test_failure_count_escalation _________________
test_unified_router.py:452: in test_failure_count_escalation
    router = UnifiedRouter(mode="full", data_dir=temp_data_dir)
             ^^^^^^^^^^^^^^^^^^^^^^^^^^^^^^^^^^^^^^^^^^^^^^^^^^
E   TypeError: UnifiedRouter.__init__() got an unexpected keyword argument 'mode'
_________________ TestPerformance.test_routing_latency_single _________________
test_unified_router.py:479: in test_routing_latency_single
    router = UnifiedRouter(mode="simple", data_dir=temp_data_dir)
             ^^^^^^^^^^^^^^^^^^^^^^^^^^^^^^^^^^^^^^^^^^^^^^^^^^^^
E   TypeError: UnifiedRouter.__init__() got an unexpected keyword argument 'mode'
______________ TestPerformance.test_routing_latency_average_100 _______________
test_unified_router.py:501: in test_routing_latency_average_100
    router = UnifiedRouter(mode="simple", data_dir=temp_data_dir)
             ^^^^^^^^^^^^^^^^^^^^^^^^^^^^^^^^^^^^^^^^^^^^^^^^^^^^
E   TypeError: UnifiedRouter.__init__() got an unexpected keyword argument 'mode'
_______________ TestPerformance.test_throughput_100_per_second ________________
test_unified_router.py:531: in test_throughput_100_per_second
    router = UnifiedRouter(mode="simple", data_dir=temp_data_dir)
             ^^^^^^^^^^^^^^^^^^^^^^^^^^^^^^^^^^^^^^^^^^^^^^^^^^^^
E   TypeError: UnifiedRouter.__init__() got an unexpected keyword argument 'mode'
============================ slowest 10 durations =============================

(10 durations < 0.005s hidden.  Use -vv to show these durations.)
=========================== short test summary info ===========================
FAILED test_unified_router.py::TestCoreDecisionLogic::test_high_error_rate_routes_to_debugger
FAILED test_unified_router.py::TestCoreDecisionLogic::test_performance_drop_routes_to_optimizer
FAILED test_unified_router.py::TestCoreDecisionLogic::test_critical_risk_routes_to_reviewer
FAILED test_unified_router.py::TestCoreDecisionLogic::test_resource_constraint_degrades_model
FAILED test_unified_router.py::TestStickyAgent::test_sticky_agent_within_10_minutes
FAILED test_unified_router.py::TestHysteresis::test_error_rate_hysteresis_enter
FAILED test_unified_router.py::TestHysteresis::test_error_rate_hysteresis_stay
FAILED test_unified_router.py::TestModelSelection::test_low_complexity_uses_sonnet
FAILED test_unified_router.py::TestModelSelection::test_high_complexity_uses_opus
FAILED test_unified_router.py::TestModelSelection::test_cost_constraint_forces_sonnet
FAILED test_unified_router.py::TestDecisionLog::test_decision_log_created - T...
FAILED test_unified_router.py::TestIntegration::test_full_routing_flow - Type...
FAILED test_unified_router.py::TestConcurrentRouting::test_concurrent_routing_10_tasks
FAILED test_unified_router.py::TestRegression::test_edge_case_zero_complexity
FAILED test_unified_router.py::TestRegression::test_edge_case_max_complexity
FAILED test_unified_router.py::TestRegression::test_edge_case_extreme_error_rate
FAILED test_unified_router.py::TestRegression::test_failure_count_escalation
FAILED test_unified_router.py::TestPerformance::test_routing_latency_single
FAILED test_unified_router.py::TestPerformance::test_routing_latency_average_100
FAILED test_unified_router.py::TestPerformance::test_throughput_100_per_second
============================= 20 failed in 0.14s ==============================
